// Jest Snapshot v1, https://goo.gl/fbAQLP

exports[`<Login /> renders a <Card /> component 1`] = `"<div align=\\"center\\" style=\\"padding-top:100px\\"><div class=\\"MuiPaper-root MuiCard-root width MuiPaper-elevation1 MuiPaper-rounded\\"><div class=\\"MuiGrid-root MuiGrid-container MuiGrid-spacing-xs-1 MuiGrid-direction-xs-column MuiGrid-align-items-xs-center MuiGrid-justify-xs-center\\"><div class=\\"MuiGrid-root MuiGrid-item\\"><div class=\\"MuiCardContent-root\\"><div class=\\"MuiGrid-root MuiGrid-container MuiGrid-spacing-xs-3 MuiGrid-direction-xs-column MuiGrid-align-items-xs-center MuiGrid-justify-xs-center\\"><div class=\\"MuiGrid-root MuiGrid-item\\"><h3 class=\\"MuiTypography-root login MuiTypography-h3\\">Login</h3></div><div class=\\"MuiGrid-root MuiGrid-item\\"><svg class=\\"MuiSvgIcon-root\\" focusable=\\"false\\" viewBox=\\"0 0 24 24\\" aria-hidden=\\"true\\"><path d=\\"M18 8h-1V6c0-2.76-2.24-5-5-5S7 3.24 7 6v2H6c-1.1 0-2 .9-2 2v10c0 1.1.9 2 2 2h12c1.1 0 2-.9 2-2V10c0-1.1-.9-2-2-2zm-6 9c-1.1 0-2-.9-2-2s.9-2 2-2 2 .9 2 2-.9 2-2 2zm3.1-9H8.9V6c0-1.71 1.39-3.1 3.1-3.1 1.71 0 3.1 1.39 3.1 3.1v2z\\"></path></svg></div><div class=\\"MuiGrid-root MuiGrid-item\\"><div class=\\"MuiFormControl-root MuiTextField-root width MuiFormControl-fullWidth\\"><label class=\\"MuiFormLabel-root MuiInputLabel-root MuiInputLabel-formControl MuiInputLabel-animated MuiInputLabel-shrink MuiInputLabel-outlined Mui-required Mui-required\\" data-shrink=\\"true\\" for=\\"email\\" id=\\"email-label\\">Email<span class=\\"MuiFormLabel-asterisk MuiInputLabel-asterisk\\"> *</span></label><div class=\\"MuiInputBase-root MuiOutlinedInput-root MuiInputBase-fullWidth MuiInputBase-formControl MuiInputBase-adornedStart MuiOutlinedInput-adornedStart\\"><div class=\\"MuiInputAdornment-root MuiInputAdornment-positionStart\\"><svg class=\\"MuiSvgIcon-root\\" focusable=\\"false\\" viewBox=\\"0 0 24 24\\" aria-hidden=\\"true\\"><path d=\\"M20 4H4c-1.1 0-1.99.9-1.99 2L2 18c0 1.1.9 2 2 2h16c1.1 0 2-.9 2-2V6c0-1.1-.9-2-2-2zm0 4l-8 5-8-5V6l8 5 8-5v2z\\"></path></svg></div><input type=\\"text\\" aria-invalid=\\"false\\" id=\\"email\\" required=\\"\\" class=\\"MuiInputBase-input MuiOutlinedInput-input MuiInputBase-inputAdornedStart MuiOutlinedInput-inputAdornedStart\\"/><fieldset aria-hidden=\\"true\\" class=\\"PrivateNotchedOutline-root-1 MuiOutlinedInput-notchedOutline\\"><legend class=\\"PrivateNotchedOutline-legendLabelled-3 PrivateNotchedOutline-legendNotched-4\\"><span>Email *</span></legend></fieldset></div></div></div><div class=\\"MuiGrid-root MuiGrid-item\\"><div class=\\"MuiFormControl-root MuiTextField-root width MuiFormControl-fullWidth\\"><label class=\\"MuiFormLabel-root MuiInputLabel-root MuiInputLabel-formControl MuiInputLabel-animated MuiInputLabel-shrink MuiInputLabel-outlined Mui-required Mui-required\\" data-shrink=\\"true\\" for=\\"password\\" id=\\"password-label\\">Password<span class=\\"MuiFormLabel-asterisk MuiInputLabel-asterisk\\"> *</span></label><div class=\\"MuiInputBase-root MuiOutlinedInput-root MuiInputBase-fullWidth MuiInputBase-formControl MuiInputBase-adornedStart MuiOutlinedInput-adornedStart\\"><div class=\\"MuiInputAdornment-root MuiInputAdornment-positionStart\\"><svg class=\\"MuiSvgIcon-root\\" focusable=\\"false\\" viewBox=\\"0 0 24 24\\" aria-hidden=\\"true\\"><path d=\\"M12 7c2.76 0 5 2.24 5 5 0 .65-.13 1.26-.36 1.83l2.92 2.92c1.51-1.26 2.7-2.89 3.43-4.75-1.73-4.39-6-7.5-11-7.5-1.4 0-2.74.25-3.98.7l2.16 2.16C10.74 7.13 11.35 7 12 7zM2 4.27l2.28 2.28.46.46C3.08 8.3 1.78 10.02 1 12c1.73 4.39 6 7.5 11 7.5 1.55 0 3.03-.3 4.38-.84l.42.42L19.73 22 21 20.73 3.27 3 2 4.27zM7.53 9.8l1.55 1.55c-.05.21-.08.43-.08.65 0 1.66 1.34 3 3 3 .22 0 .44-.03.65-.08l1.55 1.55c-.67.33-1.41.53-2.2.53-2.76 0-5-2.24-5-5 0-.79.2-1.53.53-2.2zm4.31-.78l3.15 3.15.02-.16c0-1.66-1.34-3-3-3l-.17.01z\\"></path></svg></div><input type=\\"password\\" aria-invalid=\\"false\\" autoComplete=\\"current-password\\" id=\\"password\\" required=\\"\\" class=\\"MuiInputBase-input MuiOutlinedInput-input MuiInputBase-inputAdornedStart MuiOutlinedInput-inputAdornedStart\\"/><fieldset aria-hidden=\\"true\\" class=\\"PrivateNotchedOutline-root-1 MuiOutlinedInput-notchedOutline\\"><legend class=\\"PrivateNotchedOutline-legendLabelled-3 PrivateNotchedOutline-legendNotched-4\\"><span>Password *</span></legend></fieldset></div></div></div></div></div></div><div class=\\"MuiGrid-root MuiGrid-item\\"><div class=\\"MuiCardActions-root MuiCardActions-spacing\\"><p class=\\"MuiTypography-root MuiTypography-body1 MuiTypography-gutterBottom\\"><button class=\\"MuiButtonBase-root MuiButton-root MuiButton-contained width align MuiButton-containedPrimary MuiButton-fullWidth\\" tabindex=\\"0\\" type=\\"button\\" align=\\"center\\"><span class=\\"MuiButton-label\\">Sign In</span></button></p></div></div></div></div></div>"`;

exports[`<Login /> should match snapshot 1`] = `"<div align=\\"center\\" style=\\"padding-top:100px\\"><div class=\\"MuiPaper-root MuiCard-root width MuiPaper-elevation1 MuiPaper-rounded\\"><div class=\\"MuiGrid-root MuiGrid-container MuiGrid-spacing-xs-1 MuiGrid-direction-xs-column MuiGrid-align-items-xs-center MuiGrid-justify-xs-center\\"><div class=\\"MuiGrid-root MuiGrid-item\\"><div class=\\"MuiCardContent-root\\"><div class=\\"MuiGrid-root MuiGrid-container MuiGrid-spacing-xs-3 MuiGrid-direction-xs-column MuiGrid-align-items-xs-center MuiGrid-justify-xs-center\\"><div class=\\"MuiGrid-root MuiGrid-item\\"><h3 class=\\"MuiTypography-root login MuiTypography-h3\\">Login</h3></div><div class=\\"MuiGrid-root MuiGrid-item\\"><svg class=\\"MuiSvgIcon-root\\" focusable=\\"false\\" viewBox=\\"0 0 24 24\\" aria-hidden=\\"true\\"><path d=\\"M18 8h-1V6c0-2.76-2.24-5-5-5S7 3.24 7 6v2H6c-1.1 0-2 .9-2 2v10c0 1.1.9 2 2 2h12c1.1 0 2-.9 2-2V10c0-1.1-.9-2-2-2zm-6 9c-1.1 0-2-.9-2-2s.9-2 2-2 2 .9 2 2-.9 2-2 2zm3.1-9H8.9V6c0-1.71 1.39-3.1 3.1-3.1 1.71 0 3.1 1.39 3.1 3.1v2z\\"></path></svg></div><div class=\\"MuiGrid-root MuiGrid-item\\"><div class=\\"MuiFormControl-root MuiTextField-root width MuiFormControl-fullWidth\\"><label class=\\"MuiFormLabel-root MuiInputLabel-root MuiInputLabel-formControl MuiInputLabel-animated MuiInputLabel-shrink MuiInputLabel-outlined Mui-required Mui-required\\" data-shrink=\\"true\\" for=\\"email\\" id=\\"email-label\\">Email<span class=\\"MuiFormLabel-asterisk MuiInputLabel-asterisk\\"> *</span></label><div class=\\"MuiInputBase-root MuiOutlinedInput-root MuiInputBase-fullWidth MuiInputBase-formControl MuiInputBase-adornedStart MuiOutlinedInput-adornedStart\\"><div class=\\"MuiInputAdornment-root MuiInputAdornment-positionStart\\"><svg class=\\"MuiSvgIcon-root\\" focusable=\\"false\\" viewBox=\\"0 0 24 24\\" aria-hidden=\\"true\\"><path d=\\"M20 4H4c-1.1 0-1.99.9-1.99 2L2 18c0 1.1.9 2 2 2h16c1.1 0 2-.9 2-2V6c0-1.1-.9-2-2-2zm0 4l-8 5-8-5V6l8 5 8-5v2z\\"></path></svg></div><input type=\\"text\\" aria-invalid=\\"false\\" id=\\"email\\" required=\\"\\" class=\\"MuiInputBase-input MuiOutlinedInput-input MuiInputBase-inputAdornedStart MuiOutlinedInput-inputAdornedStart\\"/><fieldset aria-hidden=\\"true\\" class=\\"PrivateNotchedOutline-root-1 MuiOutlinedInput-notchedOutline\\"><legend class=\\"PrivateNotchedOutline-legendLabelled-3 PrivateNotchedOutline-legendNotched-4\\"><span>Email *</span></legend></fieldset></div></div></div><div class=\\"MuiGrid-root MuiGrid-item\\"><div class=\\"MuiFormControl-root MuiTextField-root width MuiFormControl-fullWidth\\"><label class=\\"MuiFormLabel-root MuiInputLabel-root MuiInputLabel-formControl MuiInputLabel-animated MuiInputLabel-shrink MuiInputLabel-outlined Mui-required Mui-required\\" data-shrink=\\"true\\" for=\\"password\\" id=\\"password-label\\">Password<span class=\\"MuiFormLabel-asterisk MuiInputLabel-asterisk\\"> *</span></label><div class=\\"MuiInputBase-root MuiOutlinedInput-root MuiInputBase-fullWidth MuiInputBase-formControl MuiInputBase-adornedStart MuiOutlinedInput-adornedStart\\"><div class=\\"MuiInputAdornment-root MuiInputAdornment-positionStart\\"><svg class=\\"MuiSvgIcon-root\\" focusable=\\"false\\" viewBox=\\"0 0 24 24\\" aria-hidden=\\"true\\"><path d=\\"M12 7c2.76 0 5 2.24 5 5 0 .65-.13 1.26-.36 1.83l2.92 2.92c1.51-1.26 2.7-2.89 3.43-4.75-1.73-4.39-6-7.5-11-7.5-1.4 0-2.74.25-3.98.7l2.16 2.16C10.74 7.13 11.35 7 12 7zM2 4.27l2.28 2.28.46.46C3.08 8.3 1.78 10.02 1 12c1.73 4.39 6 7.5 11 7.5 1.55 0 3.03-.3 4.38-.84l.42.42L19.73 22 21 20.73 3.27 3 2 4.27zM7.53 9.8l1.55 1.55c-.05.21-.08.43-.08.65 0 1.66 1.34 3 3 3 .22 0 .44-.03.65-.08l1.55 1.55c-.67.33-1.41.53-2.2.53-2.76 0-5-2.24-5-5 0-.79.2-1.53.53-2.2zm4.31-.78l3.15 3.15.02-.16c0-1.66-1.34-3-3-3l-.17.01z\\"></path></svg></div><input type=\\"password\\" aria-invalid=\\"false\\" autoComplete=\\"current-password\\" id=\\"password\\" required=\\"\\" class=\\"MuiInputBase-input MuiOutlinedInput-input MuiInputBase-inputAdornedStart MuiOutlinedInput-inputAdornedStart\\"/><fieldset aria-hidden=\\"true\\" class=\\"PrivateNotchedOutline-root-1 MuiOutlinedInput-notchedOutline\\"><legend class=\\"PrivateNotchedOutline-legendLabelled-3 PrivateNotchedOutline-legendNotched-4\\"><span>Password *</span></legend></fieldset></div></div></div></div></div></div><div class=\\"MuiGrid-root MuiGrid-item\\"><div class=\\"MuiCardActions-root MuiCardActions-spacing\\"><p class=\\"MuiTypography-root MuiTypography-body1 MuiTypography-gutterBottom\\"><button class=\\"MuiButtonBase-root MuiButton-root MuiButton-contained width align MuiButton-containedPrimary MuiButton-fullWidth\\" tabindex=\\"0\\" type=\\"button\\" align=\\"center\\"><span class=\\"MuiButton-label\\">Sign In</span></button></p></div></div></div></div></div>"`;
